MPLINK 4.49, Linker
Linker Map File - Created Sun Nov 15 21:38:19 2020

                                 Section Info
                  Section       Type    Address   Location Size(Bytes)
                ---------  ---------  ---------  ---------  ---------
                   .org_0       code   0x000000    program   0x000000
                   .org_1       code   0x000000    program   0x000004
                   .org_2       code   0x000008    program   0x000002
                   .org_3       code   0x000018    program   0x0000aa



                              Program Memory Usage 
                               Start         End      
                           ---------   ---------      
                            0x000000    0x000003      
                            0x000008    0x000009      
                            0x000018    0x0000c1      
            176 out of 33048 program addresses used, program memory utilization is 0%



                              Symbols - Sorted by Name
                     Name    Address   Location    Storage File                     
                ---------  ---------  ---------  --------- ---------                
                   again1   0x000042    program     static C:\Users\win10\Documents\ASSIGNMENT\quiz6.asm
                   again2   0x000046    program     static C:\Users\win10\Documents\ASSIGNMENT\quiz6.asm
                    delay   0x00003e    program     static C:\Users\win10\Documents\ASSIGNMENT\quiz6.asm
                   light3   0x00002e    program     static C:\Users\win10\Documents\ASSIGNMENT\quiz6.asm
                   light7   0x000026    program     static C:\Users\win10\Documents\ASSIGNMENT\quiz6.asm
                   light9   0x00001a    program     static C:\Users\win10\Documents\ASSIGNMENT\quiz6.asm
                     loop   0x00009a    program     static C:\Users\win10\Documents\ASSIGNMENT\quiz6.asm
                    offit   0x00003a    program     static C:\Users\win10\Documents\ASSIGNMENT\quiz6.asm
                    start   0x000098    program     static C:\Users\win10\Documents\ASSIGNMENT\quiz6.asm



                              Symbols - Sorted by Address
                     Name    Address   Location    Storage File                     
                ---------  ---------  ---------  --------- ---------                
                   light9   0x00001a    program     static C:\Users\win10\Documents\ASSIGNMENT\quiz6.asm
                   light7   0x000026    program     static C:\Users\win10\Documents\ASSIGNMENT\quiz6.asm
                   light3   0x00002e    program     static C:\Users\win10\Documents\ASSIGNMENT\quiz6.asm
                    offit   0x00003a    program     static C:\Users\win10\Documents\ASSIGNMENT\quiz6.asm
                    delay   0x00003e    program     static C:\Users\win10\Documents\ASSIGNMENT\quiz6.asm
                   again1   0x000042    program     static C:\Users\win10\Documents\ASSIGNMENT\quiz6.asm
                   again2   0x000046    program     static C:\Users\win10\Documents\ASSIGNMENT\quiz6.asm
                    start   0x000098    program     static C:\Users\win10\Documents\ASSIGNMENT\quiz6.asm
                     loop   0x00009a    program     static C:\Users\win10\Documents\ASSIGNMENT\quiz6.asm


